2026-09-17 10:13:51.895: [INFO] CurrentProfilePath: C:\Users\ss222\AppData\Local\Temp\flutter_tools.780fd397\flutter_tools_chrome_device.467f7acf\Default
2026-09-17 10:13:51.895: [INFO] Profiles total count: 1
2026-09-17 10:13:51.895: [INFO] Profile: name=Profile 1 path=C:\Users\ss222\AppData\Local\Temp\flutter_tools.780fd397\flutter_tools_chrome_device.467f7acf\Default lastActive=null
2026-09-17 10:13:51.895: [INFO] LastUsedProfileDir: C:\Users\ss222\AppData\Local\Temp\flutter_tools.780fd397\flutter_tools_chrome_device.467f7acf\Default
2026-09-17 10:13:51.895: [INFO] VisibilityChanged: 0
2026-09-17 10:13:51.973: [INFO] RecordSyncInitDuration has_sync_been_enabled: 0 state: 0
2026-09-17 10:13:51.974: [INFO] RecordSyncInitDuration has_sync_been_enabled: 0 state: 0
2026-09-17 10:13:51.975: [INFO] RecordSyncInitDuration has_sync_been_enabled: 0 state: 0
2026-09-17 10:13:51.977: [INFO] RecordSyncInitDuration has_sync_been_enabled: 0 state: 0
2026-09-17 10:13:51.978: [INFO] RecordSyncInitDuration has_sync_been_enabled: 0 state: 0
2026-09-17 10:13:51.979: [INFO] RecordSyncInitDuration has_sync_been_enabled: 0 state: 0
2026-09-17 10:13:51.980: [INFO] RecordSyncInitDuration has_sync_been_enabled: 0 state: 0
2026-09-17 10:13:51.980: [INFO] RecordSyncInitDuration has_sync_been_enabled: 0 state: 0
2026-09-17 10:13:51.981: [INFO] RecordSyncInitDuration has_sync_been_enabled: 0 state: 0
2026-09-17 10:13:51.982: [INFO] RecordSyncInitDuration has_sync_been_enabled: 0 state: 0
2026-09-17 10:13:52.000: [INFO] BookmarkNodeAdded, ABU: 0
2026-09-17 10:13:52.000: [INFO] BookmarkNodeAdded, ABU: 0
2026-09-17 10:13:52.000: [INFO] BookmarkNodeAdded, ABU: 0
2026-09-17 10:13:52.000: [INFO] OnDoneLoading sync enabled: 0
2026-09-17 10:13:52.000: [INFO] BookmarkModelLoaded, ids_reassigned: 0
2026-09-17 10:13:52.000: [INFO] BookmarksLoadDropped droppedNodes=0
2026-09-17 10:13:52.000: [INFO] BookmarksSnapshot Startup total=3 bar=3 other=0 mobile=0 showBar=0 showBarNTP=1
2026-09-17 10:13:52.008: [INFO] RecordSyncInitDuration has_sync_been_enabled: 0 state: 0
2026-09-17 10:13:55.810: [INFO] RecordSyncInitDuration has_sync_been_enabled: 0 state: 0
2026-09-17 10:13:55.820: [INFO] RecordSyncInitDuration has_sync_been_enabled: 0 state: 3
2026-09-17 10:13:55.838: [INFO] Primary account changed.
2026-09-17 10:13:55.838: [INFO] OnPrimaryAccountChanged PrimaryAccountChangeEvent::Type::kSet
2026-09-17 10:13:55.854: [INFO] RecordSyncInitDuration has_sync_been_enabled: 0 state: 3
2026-09-17 10:13:55.929: [INFO] RecordSyncInitDuration has_sync_been_enabled: 0 state: 3
